warning: inefficient Bytes concatenation inside a loop
  --> $DIR/bytes_append_in_loop.rs:13:9
   |
LL |         b.append(other); //~ WARNING repeatedly growing SDK container inside a loop
   |         ^^^^^^^^^^^^^^^
   |
   = help: accumulate bytes in a Vec<u8> inside the loop and convert to Bytes once outside the loop via Bytes::from_slice
   = note: `#[warn(soroban_inefficient_bytes_concat)]` on by default

warning: repeatedly growing SDK container inside a loop
  --> $DIR/bytes_append_in_loop.rs:13:9
   |
LL |         b.append(other); //~ WARNING repeatedly growing SDK container inside a loop
   |         ^^^^^^^^^^^^^^^
   |
   = help: accumulate values in native Rust collections first, then batch host operations or convert to SDK containers once after the loop; pre-size where practical
note: the lint level is defined here
  --> $DIR/bytes_append_in_loop.rs:1:9
   |
LL | #![warn(bytes_append_in_loop)]
   |         ^^^^^^^^^^^^^^^^^^^^

warning: inefficient Bytes concatenation inside a loop
  --> $DIR/bytes_append_in_loop.rs:21:9
   |
LL |         b.append(other);
   |         ^^^^^^^^^^^^^^^
   |
   = help: accumulate bytes in a Vec<u8> inside the loop and convert to Bytes once outside the loop via Bytes::from_slice

warning: 3 warnings emitted

