warning: redundant clone on Address object
  --> $DIR/redundant_address_clone.rs:16:19
   |
LL |     let _cloned = addr.clone(); //~ WARNING redundant clone on Address object
   |                   ^^^^^^^^^^^
   |
   = help: pass Address by reference or move instead of cloning
   = note: `#[warn(redundant_address_clone)]` on by default

warning: redundant clone on Address object
  --> $DIR/redundant_address_clone.rs:22:15
   |
LL |     takes_addr(addr.clone()); //~ WARNING redundant clone on Address object
   |               ^^^^^^^^^^^
   |
   = help: pass Address by reference or move instead of cloning

warning: redundant clone on Address object
  --> $DIR/redundant_address_clone.rs:28:9
   |
LL |         addr.clone() //~ WARNING redundant clone on Address object
   |         ^^^^^^^^^^^
   |
   = help: pass Address by reference or move instead of cloning

warning: redundant clone on Address object
  --> $DIR/redundant_address_clone.rs:34:15
   |
LL |     let addr = addr.clone(); //~ WARNING redundant clone on Address object
   |               ^^^^^^^^^^^
   |
   = help: pass Address by reference or move instead of cloning

warning: 4 warnings emitted
