warning: authorization call inside a loop
  --> $DIR/req$DIRre_auth_in_loop.rs:28:9
   |
LL |         addr.req$DIRre_auth(); // Should Warn — same address every iteration
   |         ^^^^^^^^^^^^^^^^^^^
   |
   = help: collect distinct addresses first and authorize each once before the loop
   = note: `#[warn(req$DIRre_auth_in_loop)]` on by default

warning: authorization call inside a loop
  --> $DIR/req$DIRre_auth_in_loop.rs:37:9
   |
LL |         addr.req$DIRre_auth(); // Should Warn — same address every iteration
   |         ^^^^^^^^^^^^^^^^^^^
   |
   = help: collect distinct addresses first and authorize each once before the loop

warning: authorization call inside a loop
  --> $DIR/req$DIRre_auth_in_loop.rs:47:9
   |
LL |         addr.req$DIRre_auth(); // Should Warn — same address every iteration
   |         ^^^^^^^^^^^^^^^^^^^
   |
   = help: collect distinct addresses first and authorize each once before the loop

warning: authorization call inside a loop
  --> $DIR/req$DIRre_auth_in_loop.rs:59:9
   |
LL |         addr.req$DIRre_auth_for_args(&[i]); // Should Warn
   |         ^^^^^^^^^^^^^^^^^^^^^^^^^^^^^^^^
   |
   = help: collect distinct addresses first and authorize each once before the loop

warning: authorization call inside a loop
  --> $DIR/req$DIRre_auth_in_loop.rs:68:9
   |
LL |         addr.req$DIRre_auth_for_args(&[i]); // Should Warn
   |         ^^^^^^^^^^^^^^^^^^^^^^^^^^^^^^^^
   |
   = help: collect distinct addresses first and authorize each once before the loop

warning: authorization call inside a loop
  --> $DIR/req$DIRre_auth_in_loop.rs:78:13
   |
LL |             addr.req$DIRre_auth(); // Should Warn
   |             ^^^^^^^^^^^^^^^^^^^
   |
   = help: collect distinct addresses first and authorize each once before the loop

warning: authorization call inside a loop
  --> $DIR/req$DIRre_auth_in_loop.rs:90:9
   |
LL |         addr.req$DIRre_auth(); // False positive — each iteration authorizes a different address
   |         ^^^^^^^^^^^^^^^^^^^
   |
   = help: collect distinct addresses first and authorize each once before the loop

warning: 7 warnings emitted

