warning: storage key constructed inside a loop body
  --> $DIR/storage_key_construction_in_loop.rs:40:19
   |
LL |         let key = Symbol::new(&env, "my_key"); // Should Warn — same key every iteration
   |                   ^^^^^^^^^^^^^^^^^^^^^^^^^^^
   |
   = help: hoist the key construction outside the loop to avoid repeated host allocations
   = note: `#[warn(storage_key_construction_in_loop)]` on by default

warning: storage key constructed inside a loop body
  --> $DIR/storage_key_construction_in_loop.rs:48:19
   |
LL |         let key = Symbol::new(&env, "counter"); // Should Warn — same key every iteration
   |                   ^^^^^^^^^^^^^^^^^^^^^^^^^^^^
   |
   = help: hoist the key construction outside the loop to avoid repeated host allocations

warning: storage key constructed inside a loop body
  --> $DIR/storage_key_construction_in_loop.rs:57:19
   |
LL |         let key = Symbol::new(&env, "fixed_key"); // Should Warn — same key every iteration
   |                   ^^^^^^^^^^^^^^^^^^^^^^^^^^^^^^
   |
   = help: hoist the key construction outside the loop to avoid repeated host allocations

warning: 3 warnings emitted

