warning: soroban_sdk::Vec parameter could be replaced with a native Rust slice
  --> $DIR/vec_where_slice_could_be_used.rs:16:18
   |
LL | fn bad_read_only(v: Vec<u32>) {
   |                  ^^^^^^^^^^^
   |
   = help: consider using native Rust types (e.g. `&[T]`) instead of `soroban_sdk::Vec` for read-only access to reduce host-side operations
note: the lint level is defined here
  --> $DIR/vec_where_slice_could_be_used.rs:1:9
   |
LL | #![warn(vec_where_slice_could_be_used)]
   |         ^^^^^^^^^^^^^^^^^^^^^^^^^^^^^

warning: soroban_sdk::Vec parameter could be replaced with a native Rust slice
  --> $DIR/vec_where_slice_could_be_used.rs:32:14
   |
LL | fn takes_vec(_v: Vec<u32>) {}
   |              ^^^^^^^^^^^^
   |
   = help: consider using native Rust types (e.g. `&[T]`) instead of `soroban_sdk::Vec` for read-only access to reduce host-side operations

warning: 2 warnings emitted

